// Jest Snapshot v1, https://goo.gl/fbAQLP

exports[`Form component renders Form correctly 1`] = `
<DocumentFragment>
  <div
    class="user-form-container MuiBox-root css-0"
  >
    <div
      class="MuiAvatar-root MuiAvatar-circular user-form-logo css-1wlk0hk-MuiAvatar-root"
    >
      <img
        alt="Github Avatar"
        class="MuiAvatar-img css-1pqm26d-MuiAvatar-img"
        src="default"
      />
    </div>
    <h5
      class="MuiTypography-root MuiTypography-h5 header css-ag7rrr-MuiTypography-root"
    >
      FORM.GETGITREPO
    </h5>
  </div>
  <div
    class="username-input MuiBox-root css-0"
  >
    <div
      class="MuiPaper-root MuiPaper-elevation MuiPaper-rounded MuiPaper-elevation1 username-input-box css-1ps6pg7-MuiPaper-root"
    >
      <div
        class="MuiFormControl-root MuiFormControl-marginNormal MuiFormControl-fullWidth MuiTextField-root css-17vbkzs-MuiFormControl-root-MuiTextField-root"
        data-testid="user-name"
      >
        <label
          class="MuiFormLabel-root MuiInputLabel-root MuiInputLabel-formControl MuiInputLabel-animated MuiInputLabel-sizeMedium MuiInputLabel-outlined MuiFormLabel-colorPrimary Mui-required MuiInputLabel-root MuiInputLabel-formControl MuiInputLabel-animated MuiInputLabel-sizeMedium MuiInputLabel-outlined css-14s5rfu-MuiFormLabel-root-MuiInputLabel-root"
          data-shrink="false"
          for="outlined-basic"
          id="outlined-basic-label"
        >
          FORM.ENTERNAME
          <span
            aria-hidden="true"
            class="MuiFormLabel-asterisk MuiInputLabel-asterisk css-wgai2y-MuiFormLabel-asterisk"
          >
             *
          </span>
        </label>
        <div
          class="MuiInputBase-root MuiOutlinedInput-root MuiInputBase-colorPrimary MuiInputBase-fullWidth MuiInputBase-formControl css-md26zr-MuiInputBase-root-MuiOutlinedInput-root"
        >
          <input
            aria-invalid="false"
            class="MuiInputBase-input MuiOutlinedInput-input css-1t8l2tu-MuiInputBase-input-MuiOutlinedInput-input"
            id="outlined-basic"
            required=""
            type="text"
            value=""
          />
          <fieldset
            aria-hidden="true"
            class="MuiOutlinedInput-notchedOutline css-1d3z3hw-MuiOutlinedInput-notchedOutline"
          >
            <legend
              class="css-yjsfm1"
            >
              <span>
                FORM.ENTERNAME *
              </span>
            </legend>
          </fieldset>
        </div>
      </div>
      <button
        class="MuiButtonBase-root MuiButton-root MuiButton-contained MuiButton-containedPrimary MuiButton-sizeMedium MuiButton-containedSizeMedium MuiButton-fullWidth MuiButton-root MuiButton-contained MuiButton-containedPrimary MuiButton-sizeMedium MuiButton-containedSizeMedium MuiButton-fullWidth submitButton css-1fu7jd5-MuiButtonBase-root-MuiButton-root"
        tabindex="0"
        type="button"
      >
        FORM.SUBMIT
        <span
          class="MuiTouchRipple-root css-8je8zh-MuiTouchRipple-root"
        />
      </button>
    </div>
  </div>
</DocumentFragment>
`;
